../Core/Src/main.c:75:13:uart_process_command	56	static
../Core/Src/main.c:175:13:uart_byte_available	16	static
../Core/Src/main.c:187:5:_write	24	static
../Core/Src/main.c:200:5:main	16	static
../Core/Src/main.c:252:6:SystemClock_Config	96	static
../Core/Src/main.c:298:13:MX_I2C1_Init	8	static
../Core/Src/main.c:346:13:MX_USART2_UART_Init	8	static
../Core/Src/main.c:379:13:MX_DMA_Init	16	static
../Core/Src/main.c:397:13:MX_GPIO_Init	56	static
../Core/Src/main.c:449:6:Error_Handler	8	static,ignoring_inline_asm
